$VAR1 = {
          'fname' => 'red',
          'lname' => 'lintrock',
          'ssn' => 'ABC123'
        };
